
Compiling lib/main.dart for the Web...                          
Error: unable to locate asset entry in pubspec.yaml: "fonts/Nunito-Black.ttf".
Target web_release_bundle failed: Exception: Failed to bundle asset files.
#0      copyAssets (package:flutter_tools/src/build_system/targets/assets.dart:65:5)
<asynchronous suspension>
#1      WebReleaseBundle.build (package:flutter_tools/src/build_system/targets/web.dart:394:29)
<asynchronous suspension>
#2      _BuildInstance._invokeInternal (package:flutter_tools/src/build_system/build_system.dart:861:9)
<asynchronous suspension>
#3      Future.wait.<anonymous closure> (dart:async/future.dart:518:21)
<asynchronous suspension>
#4      _BuildInstance.invokeTarget (package:flutter_tools/src/build_system/build_system.dart:799:32)
<asynchronous suspension>
#5      FlutterBuildSystem.build (package:flutter_tools/src/build_system/build_system.dart:628:16)
<asynchronous suspension>
#6      WebBuilder.buildWeb (package:flutter_tools/src/web/compile.dart:93:34)
<asynchronous suspension>
#7      BuildWebCommand.runCommand (package:flutter_tools/src/commands/build_web.dart:200:5)
<asynchronous suspension>
#8      FlutterCommand.run.<anonymous closure> (package:flutter_tools/src/runner/flutter_command.dart:1389:27)
<asynchronous suspension>
#9      AppContext.run.<anonymous closure> (package:flutter_tools/src/base/context.dart:153:19)
<asynchronous suspension>
#10     CommandRunner.runCommand (package:args/command_runner.dart:212:13)
<asynchronous suspension>
#11     FlutterCommandRunner.runCommand.<anonymous closure> (package:flutter_tools/src/runner/flutter_command_runner.dart:355:9)
<asynchronous suspension>
#12     AppContext.run.<anonymous closure> (package:flutter_tools/src/base/context.dart:153:19)
<asynchronous suspension>
#13     FlutterCommandRunner.runCommand (package:flutter_tools/src/runner/flutter_command_runner.dart:295:5)
<asynchronous suspension>
#14     run.<anonymous closure>.<anonymous closure> (package:flutter_tools/runner.dart:119:9)
<asynchronous suspension>
#15     AppContext.run.<anonymous closure> (package:flutter_tools/src/base/context.dart:153:19)
<asynchronous suspension>
#16     main (package:flutter_tools/executable.dart:90:3)
<asynchronous suspension>

Compiling lib/main.dart for the Web...                             547ms
Error: Failed to compile application for the Web.
